./travis/test/br2496848.asm:8: warning: numeric constant 0x1ffffffffffffffff does not fit in 64 bits [-w+number-overflow]
./travis/test/br2496848.asm:10: warning: displacement size ignored on absolute address [-w+ea-dispsize]
./travis/test/br2496848.asm:10: warning: displacement size ignored on absolute address [-w+ea-dispsize]
./travis/test/br2496848.asm:16: warning: signed dword data exceeds bounds [-w+number-overflow]
./travis/test/br2496848.asm:18: warning: absolute address can not be RIP-relative [-w+ea-absolute]
./travis/test/br2496848.asm:22: warning: displacement byte data exceeds bounds [-w+number-overflow]
./travis/test/br2496848.asm:22: warning: signed byte data exceeds bounds [-w+number-overflow]
./travis/test/br2496848.asm:23: warning: displacement byte data exceeds bounds [-w+number-overflow]
./travis/test/br2496848.asm:23: warning: signed byte data exceeds bounds [-w+number-overflow]
./travis/test/br2496848.asm:27: warning: signed byte data exceeds bounds [-w+number-overflow]
./travis/test/br2496848.asm:28: warning: displacement byte data exceeds bounds [-w+number-overflow]
./travis/test/br2496848.asm:28: warning: signed byte data exceeds bounds [-w+number-overflow]
./travis/test/br2496848.asm:29: warning: signed byte data exceeds bounds [-w+number-overflow]
./travis/test/br2496848.asm:30: warning: displacement byte data exceeds bounds [-w+number-overflow]
./travis/test/br2496848.asm:30: warning: signed byte data exceeds bounds [-w+number-overflow]
./travis/test/br2496848.asm:31: warning: displacement byte data exceeds bounds [-w+number-overflow]
./travis/test/br2496848.asm:31: warning: signed byte data exceeds bounds [-w+number-overflow]
./travis/test/br2496848.asm:35: warning: signed byte data exceeds bounds [-w+number-overflow]
./travis/test/br2496848.asm:36: warning: displacement byte data exceeds bounds [-w+number-overflow]
./travis/test/br2496848.asm:36: warning: signed byte data exceeds bounds [-w+number-overflow]
./travis/test/br2496848.asm:37: warning: signed byte data exceeds bounds [-w+number-overflow]
./travis/test/br2496848.asm:38: warning: displacement byte data exceeds bounds [-w+number-overflow]
./travis/test/br2496848.asm:38: warning: signed byte data exceeds bounds [-w+number-overflow]
./travis/test/br2496848.asm:39: warning: displacement byte data exceeds bounds [-w+number-overflow]
./travis/test/br2496848.asm:39: warning: signed byte data exceeds bounds [-w+number-overflow]
