./travis/test/org.asm:5: error: instruction expected
